^C[push] 缺省交易日: open（北京时间自动探测）
[采集] 交易日 20260818（时间线 6 日）
  涨停 79 / 炸板 23 / 跌停 0
  时间线 6 个交易日: 20260818,20260817,20260814,20260813,20260812,20260811
  资金流 16 条
  龙虎榜 86 条 / 席位 537 条
[push] ✅ 已推送开盘策略（1972 字）
[push] 缺省交易日: open（北京时间自动探测）
[采集] 交易日 20260820（时间线 6 日）
  涨停 79 / 炸板 46 / 跌停 0
  时间线 6 个交易日: 20260820,20260819,20260818,20260817,20260814,20260813
  资金流 31 条
  龙虎榜 77 条 / 席位 539 条
[push] ✅ 已推送开盘策略（2120 字）
[push] 缺省交易日: open（北京时间自动探测）
[采集] 交易日 20260821（时间线 6 日）
  涨停 54 / 炸板 18 / 跌停 0
  时间线 6 个交易日: 20260821,20260820,20260819,20260818,20260817,20260814
  资金流 11 条
  龙虎榜 68 条 / 席位 480 条
[push] ✅ 已推送开盘策略（1694 字）
[push] 缺省交易日: open（北京时间自动探测）
[采集] 交易日 20260824（时间线 6 日）
  涨停 46 / 炸板 16 / 跌停 0
  时间线 6 个交易日: 20260824,20260821,20260820,20260819,20260818,20260817
  资金流 8 条
  龙虎榜 67 条 / 席位 416 条
[push] ✅ 已推送开盘策略（775 字）
[push] 缺省交易日: open（北京时间自动探测）
[采集] 交易日 20260825（时间线 6 日）
  涨停 65 / 炸板 22 / 跌停 0
  时间线 6 个交易日: 20260825,20260824,20260821,20260820,20260819,20260818
  资金流 13 条
  龙虎榜 65 条 / 席位 398 条
[push] ✅ 已推送开盘策略（1236 字）
[push] 缺省交易日: open（北京时间自动探测）
[采集] 交易日 20260826（时间线 6 日）
  涨停 52 / 炸板 20 / 跌停 0
  时间线 6 个交易日: 20260826,20260825,20260824,20260821,20260820,20260819
  资金流 14 条
  龙虎榜 69 条 / 席位 432 条
[push] ✅ 已推送开盘策略（1633 字）
[push] 缺省交易日: open（北京时间自动探测）
[采集] 交易日 20260827（时间线 6 日）
  涨停 77 / 炸板 17 / 跌停 0
  时间线 6 个交易日: 20260827,20260826,20260825,20260824,20260821,20260820
  资金流 13 条
  龙虎榜 66 条 / 席位 413 条
[push] ✅ 已推送开盘策略（1680 字）
[push] 缺省交易日: open（北京时间自动探测）
[采集] 交易日 20260828（时间线 6 日）
  涨停 82 / 炸板 16 / 跌停 0
  时间线 6 个交易日: 20260828,20260827,20260826,20260825,20260824,20260821
  资金流 12 条
  龙虎榜 63 条 / 席位 435 条
[push] ✅ 已推送开盘策略（1638 字）
[push] 缺省交易日: open（北京时间自动探测）
[采集] 交易日 20260831（时间线 6 日）
  涨停 88 / 炸板 30 / 跌停 0
  时间线 6 个交易日: 20260831,20260828,20260827,20260826,20260825,20260824
  资金流 7 条
  龙虎榜 84 条 / 席位 608 条
[push] ✅ 已推送开盘策略（1771 字）
[push] 缺省交易日: open（北京时间自动探测）
[采集] 交易日 20260901（时间线 6 日）
  涨停 83 / 炸板 6 / 跌停 0
  时间线 6 个交易日: 20260901,20260831,20260828,20260827,20260826,20260825
  资金流 6 条
  龙虎榜 79 条 / 席位 527 条
[push] ✅ 已推送开盘策略（1613 字）
[push] 缺省交易日: open（北京时间自动探测）
[采集] 交易日 20260902（时间线 6 日）
  涨停 52 / 炸板 15 / 跌停 0
  时间线 6 个交易日: 20260902,20260901,20260831,20260828,20260827,20260826
  资金流 12 条
  龙虎榜 83 条 / 席位 547 条
[push] ✅ 已推送开盘策略（1482 字）
